FixitCSV                                 | ΓÇëWARNΓÇë Unsupported engine: wanted: {"node":"20"} (current: {"node":"v24.13.1","pnpm":"9.1.4"})

> customsready-lite@1.0.0 build C:\Users\Admin\Downloads\shopifyapps\final\chargeback\customsready
> remix vite:build

pnpm.cmd : [33mThe CJS build of Vite's Node API is deprecated. See 
https://vite.dev/guide/troubleshooting.html#vite-cjs-node-api-deprecated for more details.[39m
At line:1 char:1
+ pnpm.cmd --filter customsready-lite build > build_output.log 2>&1
+ ~~~~~~~~~~~~~~~~~~~~~~~~~~~~~~~~~~~~~~~~~~~~~~~~~~~~~~~~~~~~~~~~~
    + CategoryInfo          : NotSpecified: ([33mThe CJS bu...e details.[39m:String) [], RemoteException
    + FullyQualifiedErrorId : NativeCommandError
 
[7m[33m warn [39m[27m Route discovery/manifest behavior is changing in React Router v7
[33mΓöâ[39m [90mYou can use the `v3_lazyRouteDiscovery` future flag to opt-in early.[39m
[33mΓöâ[39m [90m-> https://remix.run/docs/en/2.13.1/start/future-flags#v3_lazyRouteDiscovery[39m
[33mΓöù[39m
[7m[33m warn [39m[27m Data fetching is changing to a single fetch in React Router v7
[33mΓöâ[39m [90mYou can use the `v3_singleFetch` future flag to opt-in early.[39m
[33mΓöâ[39m [90m-> https://remix.run/docs/en/2.13.1/start/future-flags#v3_singleFetch[39m
[33mΓöù[39m
[36mvite v5.4.21 [32mbuilding for production...[36m[39m
transforming...
[32mΓ£ô[39m 1461 modules transformed.
Generated an empty chunk: "api.product-audit._productId".
Generated an empty chunk: "app.api.cn-form._orderId".
Generated an empty chunk: "app.api.invoice._orderId".
Generated an empty chunk: "api.invoice._orderId".
Generated an empty chunk: "api.audit-status".
Generated an empty chunk: "app.api.hs-code".
Generated an empty chunk: "api.csv-export".
Generated an empty chunk: "api.fix-status".
Generated an empty chunk: "app.api.duties".
Generated an empty chunk: "webhooks".
Generated an empty chunk: "auth._".
Generated an empty chunk: "health".
rendering chunks...
computing gzip size...
[2mbuild/client/[22m[32m.vite/manifest.json                              [39m[1m[2m  6.18 kB[22m[1m[22m[2m Γöé gzip:  0.83 kB[22m
[2mbuild/client/[22m[35massets/app-C7YjYK5e.css                          [39m[1m[2m445.00 kB[22m[1m[22m[2m Γöé gzip: 52.40 kB[22m
[2mbuild/client/[22m[36massets/api.product-audit._productId-l0sNRNKZ.js  [39m[1m[2m  0.00 kB[22m[1m[22m[2m Γöé gzip:  0.02 kB[22m
[2mbuild/client/[22m[36massets/app.api.cn-form._orderId-l0sNRNKZ.js      [39m[1m[2m  0.00 kB[22m[1m[22m[2m Γöé gzip:  0.02 kB[22m
[2mbuild/client/[22m[36massets/app.api.invoice._orderId-l0sNRNKZ.js      [39m[1m[2m  0.00 kB[22m[1m[22m[2m Γöé gzip:  0.02 kB[22m
[2mbuild/client/[22m[36massets/api.invoice._orderId-l0sNRNKZ.js          [39m[1m[2m  0.00 kB[22m[1m[22m[2m Γöé gzip:  0.02 kB[22m
[2mbuild/client/[22m[36massets/api.audit-status-l0sNRNKZ.js              [39m[1m[2m  0.00 kB[22m[1m[22m[2m Γöé gzip:  0.02 kB[22m
[2mbuild/client/[22m[36massets/app.api.hs-code-l0sNRNKZ.js               [39m[1m[2m  0.00 kB[22m[1m[22m[2m Γöé gzip:  0.02 kB[22m
[2mbuild/client/[22m[36massets/api.csv-export-l0sNRNKZ.js                [39m[1m[2m  0.00 kB[22m[1m[22m[2m Γöé gzip:  0.02 kB[22m
[2mbuild/client/[22m[36massets/api.fix-status-l0sNRNKZ.js                [39m[1m[2m  0.00 kB[22m[1m[22m[2m Γöé gzip:  0.02 kB[22m
[2mbuild/client/[22m[36massets/app.api.duties-l0sNRNKZ.js                [39m[1m[2m  0.00 kB[22m[1m[22m[2m Γöé gzip:  0.02 kB[22m
[2mbuild/client/[22m[36massets/webhooks-l0sNRNKZ.js                      [39m[1m[2m  0.00 kB[22m[1m[22m[2m Γöé gzip:  0.02 kB[22m
[2mbuild/client/[22m[36massets/auth._-l0sNRNKZ.js                        [39m[1m[2m  0.00 kB[22m[1m[22m[2m Γöé gzip:  0.02 kB[22m
[2mbuild/client/[22m[36massets/health-l0sNRNKZ.js                        [39m[1m[2m  0.00 kB[22m[1m[22m[2m Γöé gzip:  0.02 kB[22m
[2mbuild/client/[22m[36massets/_index-C6d-v1ok.js                        [39m[1m[2m  0.05 kB[22m[1m[22m[2m Γöé gzip:  0.07 kB[22m
[2mbuild/client/[22m[36massets/Divider-D5j49dZ0.js                       [39m[1m[2m  0.33 kB[22m[1m[22m[2m Γöé gzip:  0.26 kB[22m
[2mbuild/client/[22m[36massets/auth.login-lW76Qb4i.js                    [39m[1m[2m  0.82 kB[22m[1m[22m[2m Γöé gzip:  0.52 kB[22m
[2mbuild/client/[22m[36massets/root-Dia_VOnc.js                          [39m[1m[2m  1.36 kB[22m[1m[22m[2m Γöé gzip:  0.80 kB[22m
[2mbuild/client/[22m[36massets/Sticky-C00J9hR0.js                        [39m[1m[2m  3.51 kB[22m[1m[22m[2m Γöé gzip:  1.19 kB[22m
[2mbuild/client/[22m[36massets/entry.client-yyrsdKZb.js                  [39m[1m[2m  3.73 kB[22m[1m[22m[2m Γöé gzip:  1.41 kB[22m
[2mbuild/client/[22m[36massets/app-CVCyEvmQ.js                           [39m[1m[2m 17.74 kB[22m[1m[22m[2m Γöé gzip:  6.11 kB[22m
[2mbuild/client/[22m[36massets/app.settings-B6kJ5QR1.js                  [39m[1m[2m 18.06 kB[22m[1m[22m[2m Γöé gzip:  6.00 kB[22m
[2mbuild/client/[22m[36massets/app.orders._orderId-CPuPJCny.js           [39m[1m[2m 21.68 kB[22m[1m[22m[2m Γöé gzip:  6.73 kB[22m
[2mbuild/client/[22m[36massets/app._index-DuQmF5pD.js                    [39m[1m[2m 41.79 kB[22m[1m[22m[2m Γöé gzip: 12.39 kB[22m
[2mbuild/client/[22m[36massets/Page-NKbwk5YR.js                          [39m[1m[2m 90.56 kB[22m[1m[22m[2m Γöé gzip: 27.61 kB[22m
[2mbuild/client/[22m[36massets/context-CMIa5exu.js                       [39m[1m[2m102.51 kB[22m[1m[22m[2m Γöé gzip: 10.26 kB[22m
[2mbuild/client/[22m[36massets/components-CuN7tfpa.js                    [39m[1m[2m257.14 kB[22m[1m[22m[2m Γöé gzip: 82.87 kB[22m
[32mΓ£ô built in 8.27s[39m
[36mvite v5.4.21 [32mbuilding SSR bundle for production...[36m[39m
transforming...
[32mΓ£ô[39m 1325 modules transformed.
[31mx[39m Build failed in 3.58s
[31mapp/routes/app.api.duties.ts (4:9): "calculateDutiesAndTaxes" is not exported by "app/lib/dutyCalc.ts", imported 
by "app/routes/app.api.duties.ts".[39m
file: [36mC:/Users/Admin/Downloads/shopifyapps/final/chargeback/customsready/app/routes/app.api.duties.ts:4:9[39m
[33m
2: import { json, type ActionFunctionArgs } from "@remix-run/node";
3: import { authenticate } from "~/shopify.server";
4: import { calculateDutiesAndTaxes } from "~/lib/dutyCalc";
            ^
5: 
6: export async function action({ request }: ActionFunctionArgs) {
[39m
    at getRollupError (file:///C:/Users/Admin/Downloads/shopifyapps/final/chargeback/node_modules/.pnpm/rollup@4.59.0/n
ode_modules/rollup/dist/es/shared/parseAst.js:402:41)
    at error (file:///C:/Users/Admin/Downloads/shopifyapps/final/chargeback/node_modules/.pnpm/rollup@4.59.0/node_modul
es/rollup/dist/es/shared/parseAst.js:398:42)
    at Module.error (file:///C:/Users/Admin/Downloads/shopifyapps/final/chargeback/node_modules/.pnpm/rollup@4.59.0/nod
e_modules/rollup/dist/es/shared/node-entry.js:17040:16)
    at Module.traceVariable (file:///C:/Users/Admin/Downloads/shopifyapps/final/chargeback/node_modules/.pnpm/rollup@4.
59.0/node_modules/rollup/dist/es/shared/node-entry.js:17452:29)
    at ModuleScope.findVariable (file:///C:/Users/Admin/Downloads/shopifyapps/final/chargeback/node_modules/.pnpm/rollu
p@4.59.0/node_modules/rollup/dist/es/shared/node-entry.js:15070:39)
    at FunctionScope.findVariable (file:///C:/Users/Admin/Downloads/shopifyapps/final/chargeback/node_modules/.pnpm/rol
lup@4.59.0/node_modules/rollup/dist/es/shared/node-entry.js:5673:38)
    at FunctionBodyScope.findVariable (file:///C:/Users/Admin/Downloads/shopifyapps/final/chargeback/node_modules/.pnpm
/rollup@4.59.0/node_modules/rollup/dist/es/shared/node-entry.js:5673:38)
    at Identifier.bind (file:///C:/Users/Admin/Downloads/shopifyapps/final/chargeback/node_modules/.pnpm/rollup@4.59.0/
node_modules/rollup/dist/es/shared/node-entry.js:5447:40)
    at CallExpression.bind (file:///C:/Users/Admin/Downloads/shopifyapps/final/chargeback/node_modules/.pnpm/rollup@4.5
9.0/node_modules/rollup/dist/es/shared/node-entry.js:2829:23)
    at CallExpression.bind (file:///C:/Users/Admin/Downloads/shopifyapps/final/chargeback/node_modules/.pnpm/rollup@4.5
9.0/node_modules/rollup/dist/es/shared/node-entry.js:12179:15) {
  binding: 'calculateDutiesAndTaxes',
  code: 'MISSING_EXPORT',
  exporter: 'C:/Users/Admin/Downloads/shopifyapps/final/chargeback/customsready/app/lib/dutyCalc.ts',
  id: 'C:/Users/Admin/Downloads/shopifyapps/final/chargeback/customsready/app/routes/app.api.duties.ts',
  url: 'https://rollupjs.org/troubleshooting/#error-name-is-not-exported-by-module',
  pos: 98,
  loc: {
    column: 9,
    file: 'C:/Users/Admin/Downloads/shopifyapps/final/chargeback/customsready/app/routes/app.api.duties.ts',
    line: 4
  },
  frame: '2: import { json, type ActionFunctionArgs } from "@remix-run/node";\n' +
    '3: import { authenticate } from "~/shopify.server";\n' +
    '4: import { calculateDutiesAndTaxes } from "~/lib/dutyCalc";\n' +
    '            ^\n' +
    '5: \n' +
    '6: export async function action({ request }: ActionFunctionArgs) {',
  watchFiles: [
    'C:/Users/Admin/Downloads/shopifyapps/final/chargeback/customsready/app/routes/api.product-audit.$productId.ts',
    'C:/Users/Admin/Downloads/shopifyapps/final/chargeback/customsready/app/entry.server.tsx',
    'C:/Users/Admin/Downloads/shopifyapps/final/chargeback/customsready/app/routes/app.api.cn-form.$orderId.tsx',
    'C:/Users/Admin/Downloads/shopifyapps/final/chargeback/customsready/app/routes/app.api.invoice.$orderId.tsx',
    'C:/Users/Admin/Downloads/shopifyapps/final/chargeback/customsready/app/routes/api.invoice.$orderId.ts',
    'C:/Users/Admin/Downloads/shopifyapps/final/chargeback/customsready/app/routes/app.orders.$orderId.tsx',
    'C:/Users/Admin/Downloads/shopifyapps/final/chargeback/customsready/app/routes/api.audit-status.ts',
    'C:/Users/Admin/Downloads/shopifyapps/final/chargeback/customsready/app/routes/app.api.hs-code.ts',
    'C:/Users/Admin/Downloads/shopifyapps/final/chargeback/customsready/app/root.tsx',
    'C:/Users/Admin/Downloads/shopifyapps/final/chargeback/customsready/app/routes/api.csv-export.ts',
    'C:/Users/Admin/Downloads/shopifyapps/final/chargeback/customsready/app/routes/api.fix-status.ts',
    'C:/Users/Admin/Downloads/shopifyapps/final/chargeback/customsready/app/routes/app.api.duties.ts',
    'C:/Users/Admin/Downloads/shopifyapps/final/chargeback/customsready/app/routes/app.settings.tsx',
    'C:/Users/Admin/Downloads/shopifyapps/final/chargeback/customsready/app/routes/app._index.tsx',
    'C:/Users/Admin/Downloads/shopifyapps/final/chargeback/customsready/app/routes/auth.login.tsx',
    'C:/Users/Admin/Downloads/shopifyapps/final/chargeback/customsready/app/routes/webhooks.tsx',
    'C:/Users/Admin/Downloads/shopifyapps/final/chargeback/customsready/app/routes/auth.$.tsx',
    'C:/Users/Admin/Downloads/shopifyapps/final/chargeback/customsready/app/routes/health.ts',
    'C:/Users/Admin/Downloads/shopifyapps/final/chargeback/customsready/app/routes/_index.tsx',
    'C:/Users/Admin/Downloads/shopifyapps/final/chargeback/customsready/app/routes/app.tsx',
    'C:\\Users\\Admin\\Downloads\\shopifyapps\\final\\chargeback\\customsready\\package.json',
    'C:/Users/Admin/Downloads/shopifyapps/final/chargeback/customsready/app/shopify.server.ts',
    'C:/Users/Admin/Downloads/shopifyapps/final/chargeback/customsready/app/db.server.ts',
    'C:/Users/Admin/Downloads/shopifyapps/final/chargeback/customsready/app/lib/graphql.server.ts',
    'C:/Users/Admin/Downloads/shopifyapps/final/chargeback/customsready/app/pdf/pdfUtils.ts',
    'C:/Users/Admin/Downloads/shopifyapps/final/chargeback/customsready/app/pdf/CommercialInvoice.tsx',
    'C:/Users/Admin/Downloads/shopifyapps/final/chargeback/customsready/app/lib/orderMapper.ts',
    'C:/Users/Admin/Downloads/shopifyapps/final/chargeback/customsready/app/pdf/CN22.tsx',
    'C:/Users/Admin/Downloads/shopifyapps/final/chargeback/customsready/app/pdf/CN23.tsx',
    'C:/Users/Admin/Downloads/shopifyapps/final/chargeback/customsready/app/lib/dutyCalc.ts',
    'C:/Users/Admin/Downloads/shopifyapps/final/chargeback/customsready/app/lib/hsCodes.ts',
    'C:/Users/Admin/Downloads/shopifyapps/final/chargeback/customsready/app/lib/pdf.server.ts',
    'C:/Users/Admin/Downloads/shopifyapps/final/chargeback/customsready/app/lib/logger.server.ts',
    'C:/Users/Admin/Downloads/shopifyapps/final/chargeback/customsready/app/lib/audit.server.ts',
    'C:/Users/Admin/Downloads/shopifyapps/final/chargeback/customsready/app/queue.server.ts',
    'C:/Users/Admin/Downloads/shopifyapps/final/chargeback/customsready/app/lib/currency.ts',
    'C:/Users/Admin/Downloads/shopifyapps/final/chargeback/customsready/app/data/dutyRates.ts',
    'C:/Users/Admin/Downloads/shopifyapps/final/chargeback/node_modules/.pnpm/@shopify+polaris@13.9.5_react-dom@18.3.1_
react@18.3.1__react@18.3.1/node_modules/@shopify/polaris/build/esm/index.js',
    'C:/Users/Admin/Downloads/shopifyapps/final/chargeback/node_modules/.pnpm/@shopify+shopify-app-remix@4.2.0_@remix-r
un+node@2.17.4_typescript@5.6.3__@remix-run+react@2._hcnjczzouezk2hf435l62rsvmi/node_modules/@shopify/shopify-app-remix
/dist/esm/server/index.mjs',
    'C:/Users/Admin/Downloads/shopifyapps/final/chargeback/node_modules/.pnpm/@shopify+shopify-app-remix@4.2.0_@remix-r
un+node@2.17.4_typescript@5.6.3__@remix-run+react@2._hcnjczzouezk2hf435l62rsvmi/node_modules/@shopify/shopify-app-remix
/dist/esm/react/index.mjs',
    'C:/Users/Admin/Downloads/shopifyapps/final/chargeback/node_modules/.pnpm/@shopify+app-bridge-react@4.2.10_react-do
m@18.3.1_react@18.3.1__react@18.3.1/node_modules/@shopify/app-bridge-react/build/esm/index.js',
    'C:/Users/Admin/Downloads/shopifyapps/final/chargeback/node_modules/.pnpm/@shopify+polaris@13.9.5_react-dom@18.3.1_
react@18.3.1__react@18.3.1/node_modules/@shopify/polaris/build/esm/styles.css',
    'C:/Users/Admin/Downloads/shopifyapps/final/chargeback/node_modules/.pnpm/@shopify+shopify-app-remix@4.2.0_@remix-r
un+node@2.17.4_typescript@5.6.3__@remix-run+react@2._hcnjczzouezk2hf435l62rsvmi/node_modules/@shopify/shopify-app-remix
/dist/esm/server/adapters/node/index.mjs',
    'C:/Users/Admin/Downloads/shopifyapps/final/chargeback/node_modules/.pnpm/@shopify+shopify-app-session-storage-pris
ma@9.0.0_@prisma+client@6.19.2_prisma@6.19.2_magicas_ficxm6dirmz4jk3wr5h53guhru/node_modules/@shopify/shopify-app-sessi
on-storage-prisma/dist/esm/prisma.mjs',
    'C:/Users/Admin/Downloads/shopifyapps/final/chargeback/node_modules/.pnpm/@shopify+polaris@13.9.5_react-dom@18.3.1_
react@18.3.1__react@18.3.1/node_modules/@shopify/polaris/build/esm/configure.js',
    'C:/Users/Admin/Downloads/shopifyapps/final/chargeback/node_modules/.pnpm/@shopify+polaris@13.9.5_react-dom@18.3.1_
react@18.3.1__react@18.3.1/node_modules/@shopify/polaris/build/esm/types.js',
    'C:/Users/Admin/Downloads/shopifyapps/final/chargeback/node_modules/.pnpm/@shopify+polaris@13.9.5_react-dom@18.3.1_
react@18.3.1__react@18.3.1/node_modules/@shopify/polaris/build/esm/components/shared.js',
    'C:/Users/Admin/Downloads/shopifyapps/final/chargeback/node_modules/.pnpm/@shopify+polaris@13.9.5_react-dom@18.3.1_
react@18.3.1__react@18.3.1/node_modules/@shopify/polaris/build/esm/components/ThemeProvider/ThemeProvider.js',
    'C:/Users/Admin/Downloads/shopifyapps/final/chargeback/node_modules/.pnpm/@shopify+polaris@13.9.5_react-dom@18.3.1_
react@18.3.1__react@18.3.1/node_modules/@shopify/polaris/build/esm/utilities/color-transformers.js',
    'C:/Users/Admin/Downloads/shopifyapps/final/chargeback/node_modules/.pnpm/@shopify+polaris@13.9.5_react-dom@18.3.1_
react@18.3.1__react@18.3.1/node_modules/@shopify/polaris/build/esm/utilities/within-content-context.js',
    'C:/Users/Admin/Downloads/shopifyapps/final/chargeback/node_modules/.pnpm/@shopify+polaris@13.9.5_react-dom@18.3.1_
react@18.3.1__react@18.3.1/node_modules/@shopify/polaris/build/esm/utilities/use-copy-to-clipboard.js',
    'C:/Users/Admin/Downloads/shopifyapps/final/chargeback/node_modules/.pnpm/@shopify+polaris@13.9.5_react-dom@18.3.1_
react@18.3.1__react@18.3.1/node_modules/@shopify/polaris/build/esm/utilities/use-event-listener.js',
    'C:/Users/Admin/Downloads/shopifyapps/final/chargeback/node_modules/.pnpm/@shopify+polaris@13.9.5_react-dom@18.3.1_
react@18.3.1__react@18.3.1/node_modules/@shopify/polaris/build/esm/utilities/use-focus.js',
    'C:/Users/Admin/Downloads/shopifyapps/final/chargeback/node_modules/.pnpm/@shopify+polaris@13.9.5_react-dom@18.3.1_
react@18.3.1__react@18.3.1/node_modules/@shopify/polaris/build/esm/utilities/use-hover.js',
    'C:/Users/Admin/Downloads/shopifyapps/final/chargeback/node_modules/.pnpm/@shopify+polaris@13.9.5_react-dom@18.3.1_
react@18.3.1__react@18.3.1/node_modules/@shopify/polaris/build/esm/utilities/use-media-query.js',
    'C:/Users/Admin/Downloads/shopifyapps/final/chargeback/node_modules/.pnpm/@shopify+polaris@13.9.5_react-dom@18.3.1_
react@18.3.1__react@18.3.1/node_modules/@shopify/polaris/build/esm/utilities/use-theme.js',
    'C:/Users/Admin/Downloads/shopifyapps/final/chargeback/node_modules/.pnpm/@shopify+polaris@13.9.5_react-dom@18.3.1_
react@18.3.1__react@18.3.1/node_modules/@shopify/polaris/build/esm/utilities/use-index-resource-state.js',
    'C:/Users/Admin/Downloads/shopifyapps/final/chargeback/node_modules/.pnpm/@shopify+polaris@13.9.5_react-dom@18.3.1_
react@18.3.1__react@18.3.1/node_modules/@shopify/polaris/build/esm/components/AppProvider/AppProvider.js',
    'C:/Users/Admin/Downloads/shopifyapps/final/chargeback/node_modules/.pnpm/@shopify+polaris@13.9.5_react-dom@18.3.1_
react@18.3.1__react@18.3.1/node_modules/@shopify/polaris/build/esm/utilities/breakpoints.js',
    'C:/Users/Admin/Downloads/shopifyapps/final/chargeback/node_modules/.pnpm/@shopify+polaris@13.9.5_react-dom@18.3.1_
react@18.3.1__react@18.3.1/node_modules/@shopify/polaris/build/esm/components/AccountConnection/AccountConnection.js',
    'C:/Users/Admin/Downloads/shopifyapps/final/chargeback/node_modules/.pnpm/@shopify+polaris@13.9.5_react-dom@18.3.1_
react@18.3.1__react@18.3.1/node_modules/@shopify/polaris/build/esm/components/ActionList/ActionList.js',
    'C:/Users/Admin/Downloads/shopifyapps/final/chargeback/node_modules/.pnpm/@shopify+polaris@13.9.5_react-dom@18.3.1_
react@18.3.1__react@18.3.1/node_modules/@shopify/polaris/build/esm/components/Autocomplete/Autocomplete.js',
    'C:/Users/Admin/Downloads/shopifyapps/final/chargeback/node_modules/.pnpm/@shopify+polaris@13.9.5_react-dom@18.3.1_
react@18.3.1__react@18.3.1/node_modules/@shopify/polaris/build/esm/components/ActionMenu/ActionMenu.js',
    'C:/Users/Admin/Downloads/shopifyapps/final/chargeback/node_modules/.pnpm/@shopify+polaris@13.9.5_react-dom@18.3.1_
react@18.3.1__react@18.3.1/node_modules/@shopify/polaris/build/esm/components/Avatar/Avatar.js',
    'C:/Users/Admin/Downloads/shopifyapps/final/chargeback/node_modules/.pnpm/@shopify+polaris@13.9.5_react-dom@18.3.1_
react@18.3.1__react@18.3.1/node_modules/@shopify/polaris/build/esm/components/Badge/Badge.js',
    'C:/Users/Admin/Downloads/shopifyapps/final/chargeback/node_modules/.pnpm/@shopify+polaris@13.9.5_react-dom@18.3.1_
react@18.3.1__react@18.3.1/node_modules/@shopify/polaris/build/esm/components/Backdrop/Backdrop.js',
    'C:/Users/Admin/Downloads/shopifyapps/final/chargeback/node_modules/.pnpm/@shopify+polaris@13.9.5_react-dom@18.3.1_
react@18.3.1__react@18.3.1/node_modules/@shopify/polaris/build/esm/components/Badge/types.js',
    'C:/Users/Admin/Downloads/shopifyapps/final/chargeback/node_modules/.pnpm/@shopify+polaris@13.9.5_react-dom@18.3.1_
react@18.3.1__react@18.3.1/node_modules/@shopify/polaris/build/esm/components/Banner/Banner.js',
    'C:/Users/Admin/Downloads/shopifyapps/final/chargeback/node_modules/.pnpm/@shopify+polaris@13.9.5_react-dom@18.3.1_
react@18.3.1__react@18.3.1/node_modules/@shopify/polaris/build/esm/components/Bleed/Bleed.js',
    'C:/Users/Admin/Downloads/shopifyapps/final/chargeback/node_modules/.pnpm/@shopify+polaris@13.9.5_react-dom@18.3.1_
react@18.3.1__react@18.3.1/node_modules/@shopify/polaris/build/esm/components/Box/Box.js',
    'C:/Users/Admin/Downloads/shopifyapps/final/chargeback/node_modules/.pnpm/@shopify+polaris@13.9.5_react-dom@18.3.1_
react@18.3.1__react@18.3.1/node_modules/@shopify/polaris/build/esm/components/Breadcrumbs/Breadcrumbs.js',
    'C:/Users/Admin/Downloads/shopifyapps/final/chargeback/node_modules/.pnpm/@shopify+polaris@13.9.5_react-dom@18.3.1_
react@18.3.1__react@18.3.1/node_modules/@shopify/polaris/build/esm/components/BulkActions/BulkActions.js',
    'C:/Users/Admin/Downloads/shopifyapps/final/chargeback/node_modules/.pnpm/@shopify+polaris@13.9.5_react-dom@18.3.1_
react@18.3.1__react@18.3.1/node_modules/@shopify/polaris/build/esm/components/Button/Button.js',
    'C:/Users/Admin/Downloads/shopifyapps/final/chargeback/node_modules/.pnpm/@shopify+polaris@13.9.5_react-dom@18.3.1_
react@18.3.1__react@18.3.1/node_modules/@shopify/polaris/build/esm/components/Button/utils.js',
    'C:/Users/Admin/Downloads/shopifyapps/final/chargeback/node_modules/.pnpm/@shopify+polaris@13.9.5_react-dom@18.3.1_
react@18.3.1__react@18.3.1/node_modules/@shopify/polaris/build/esm/components/ButtonGroup/ButtonGroup.js',
    'C:/Users/Admin/Downloads/shopifyapps/final/chargeback/node_modules/.pnpm/@shopify+polaris@13.9.5_react-dom@18.3.1_
react@18.3.1__react@18.3.1/node_modules/@shopify/polaris/build/esm/components/CalloutCard/CalloutCard.js',
    'C:/Users/Admin/Downloads/shopifyapps/final/chargeback/node_modules/.pnpm/@shopify+polaris@13.9.5_react-dom@18.3.1_
react@18.3.1__react@18.3.1/node_modules/@shopify/polaris/build/esm/components/Card/Card.js',
    'C:/Users/Admin/Downloads/shopifyapps/final/chargeback/node_modules/.pnpm/@shopify+polaris@13.9.5_react-dom@18.3.1_
react@18.3.1__react@18.3.1/node_modules/@shopify/polaris/build/esm/components/Checkbox/Checkbox.js',
    'C:/Users/Admin/Downloads/shopifyapps/final/chargeback/node_modules/.pnpm/@shopify+polaris@13.9.5_react-dom@18.3.1_
react@18.3.1__react@18.3.1/node_modules/@shopify/polaris/build/esm/components/Collapsible/Collapsible.js',
    'C:/Users/Admin/Downloads/shopifyapps/final/chargeback/node_modules/.pnpm/@shopify+polaris@13.9.5_react-dom@18.3.1_
react@18.3.1__react@18.3.1/node_modules/@shopify/polaris/build/esm/components/ColorPicker/ColorPicker.js',
    'C:/Users/Admin/Downloads/shopifyapps/final/chargeback/node_modules/.pnpm/@shopify+polaris@13.9.5_react-dom@18.3.1_
react@18.3.1__react@18.3.1/node_modules/@shopify/polaris/build/esm/components/ChoiceList/ChoiceList.js',
    'C:/Users/Admin/Downloads/shopifyapps/final/chargeback/node_modules/.pnpm/@shopify+polaris@13.9.5_react-dom@18.3.1_
react@18.3.1__react@18.3.1/node_modules/@shopify/polaris/build/esm/components/InlineGrid/InlineGrid.js',
    'C:/Users/Admin/Downloads/shopifyapps/final/chargeback/node_modules/.pnpm/@shopify+polaris@13.9.5_react-dom@18.3.1_
react@18.3.1__react@18.3.1/node_modules/@shopify/polaris/build/esm/components/Combobox/Combobox.js',
    'C:/Users/Admin/Downloads/shopifyapps/final/chargeback/node_modules/.pnpm/@shopify+polaris@13.9.5_react-dom@18.3.1_
react@18.3.1__react@18.3.1/node_modules/@shopify/polaris/build/esm/components/Connected/Connected.js',
    'C:/Users/Admin/Downloads/shopifyapps/final/chargeback/node_modules/.pnpm/@shopify+polaris@13.9.5_react-dom@18.3.1_
react@18.3.1__react@18.3.1/node_modules/@shopify/polaris/build/esm/components/ContextualSaveBar/ContextualSaveBar.js',
    'C:/Users/Admin/Downloads/shopifyapps/final/chargeback/node_modules/.pnpm/@shopify+polaris@13.9.5_react-dom@18.3.1_
react@18.3.1__react@18.3.1/node_modules/@shopify/polaris/build/esm/components/DataTable/DataTable.js',
    'C:/Users/Admin/Downloads/shopifyapps/final/chargeback/node_modules/.pnpm/@shopify+polaris@13.9.5_react-dom@18.3.1_
react@18.3.1__react@18.3.1/node_modules/@shopify/polaris/build/esm/components/DatePicker/DatePicker.js',
    'C:/Users/Admin/Downloads/shopifyapps/final/chargeback/node_modules/.pnpm/@shopify+polaris@13.9.5_react-dom@18.3.1_
react@18.3.1__react@18.3.1/node_modules/@shopify/polaris/build/esm/components/DescriptionList/DescriptionList.js',
    'C:/Users/Admin/Downloads/shopifyapps/final/chargeback/node_modules/.pnpm/@shopify+polaris@13.9.5_react-dom@18.3.1_
react@18.3.1__react@18.3.1/node_modules/@shopify/polaris/build/esm/components/Divider/Divider.js',
    'C:/Users/Admin/Downloads/shopifyapps/final/chargeback/node_modules/.pnpm/@shopify+polaris@13.9.5_react-dom@18.3.1_
react@18.3.1__react@18.3.1/node_modules/@shopify/polaris/build/esm/components/DropZone/DropZone.js',
    'C:/Users/Admin/Downloads/shopifyapps/final/chargeback/node_modules/.pnpm/@shopify+polaris@13.9.5_react-dom@18.3.1_
react@18.3.1__react@18.3.1/node_modules/@shopify/polaris/build/esm/components/EmptySearchResult/EmptySearchResult.js',
    'C:/Users/Admin/Downloads/shopifyapps/final/chargeback/node_modules/.pnpm/@shopify+polaris@13.9.5_react-dom@18.3.1_
react@18.3.1__react@18.3.1/node_modules/@shopify/polaris/build/esm/components/EmptyState/EmptyState.js',
    'C:/Users/Admin/Downloads/shopifyapps/final/chargeback/node_modules/.pnpm/@shopify+polaris@13.9.5_react-dom@18.3.1_
react@18.3.1__react@18.3.1/node_modules/@shopify/polaris/build/esm/components/EventListener/EventListener.js',
    'C:/Users/Admin/Downloads/shopifyapps/final/chargeback/node_modules/.pnpm/@shopify+polaris@13.9.5_react-dom@18.3.1_
react@18.3.1__react@18.3.1/node_modules/@shopify/polaris/build/esm/components/Filters/Filters.js',
    'C:/Users/Admin/Downloads/shopifyapps/final/chargeback/node_modules/.pnpm/@shopify+polaris@13.9.5_react-dom@18.3.1_
react@18.3.1__react@18.3.1/node_modules/@shopify/polaris/build/esm/components/ExceptionList/ExceptionList.js',
    'C:/Users/Admin/Downloads/shopifyapps/final/chargeback/node_modules/.pnpm/@shopify+polaris@13.9.5_react-dom@18.3.1_
react@18.3.1__react@18.3.1/node_modules/@shopify/polaris/build/esm/components/Focus/Focus.js',
    'C:/Users/Admin/Downloads/shopifyapps/final/chargeback/node_modules/.pnpm/@shopify+polaris@13.9.5_react-dom@18.3.1_
react@18.3.1__react@18.3.1/node_modules/@shopify/polaris/build/esm/components/FooterHelp/FooterHelp.js',
    'C:/Users/Admin/Downloads/shopifyapps/final/chargeback/node_modules/.pnpm/@shopify+polaris@13.9.5_react-dom@18.3.1_
react@18.3.1__react@18.3.1/node_modules/@shopify/polaris/build/esm/components/Form/Form.js',
    'C:/Users/Admin/Downloads/shopifyapps/final/chargeback/node_modules/.pnpm/@shopify+polaris@13.9.5_react-dom@18.3.1_
react@18.3.1__react@18.3.1/node_modules/@shopify/polaris/build/esm/components/FormLayout/FormLayout.js',
    'C:/Users/Admin/Downloads/shopifyapps/final/chargeback/node_modules/.pnpm/@shopify+polaris@13.9.5_react-dom@18.3.1_
react@18.3.1__react@18.3.1/node_modules/@shopify/polaris/build/esm/components/Frame/Frame.js',
    ... 1218 more items
  ],
  Symbol(augmented): true
}
C:\Users\Admin\Downloads\shopifyapps\final\chargeback\customsready:
ΓÇëERR_PNPM_RECURSIVE_RUN_FIRST_FAILΓÇë customsready-lite@1.0.0 build: `remix vite:build`
Exit status 1
